--------------------------------------------------------------------------------------------------------------------------
                   Information about our stack: 

    capacity = 16
    size = 8
     [0] = 5
     [1] = 123
     [2] = 2
     [3] = 5
     [4] = 12
     [5] = 12
     [6] = 12
     [7] = 30 *last element

     [8] = 1049
     [9] = 0
     [10] = 68747264
     [11] = 81986585
     [12] = 68748313
     [13] = 68748515
     [14] = 81986585
     [15] = 68748313
----------------------------------------------------------------------------------------------------------------------
